current directory: /Users/thaikhoa/khoa/training/kube/rails-api/vendor/bundle/ruby/3.1.0/gems/psych-5.3.1/ext/psych
/Users/thaikhoa/.rbenv/versions/3.1.4/bin/ruby -I /Users/thaikhoa/.rbenv/versions/3.1.4/lib/ruby/3.1.0 extconf.rb
creating Makefile

current directory: /Users/thaikhoa/khoa/training/kube/rails-api/vendor/bundle/ruby/3.1.0/gems/psych-5.3.1/ext/psych
make DESTDIR\= sitearchdir\=./.gem.20260530-31791-2m777j sitelibdir\=./.gem.20260530-31791-2m777j clean
cd libyaml && /Library/Developer/CommandLineTools/usr/bin/make clean
/bin/sh: line 0: cd: libyaml: No such file or directory
make: [clean-so] Error 1 (ignored)

current directory: /Users/thaikhoa/khoa/training/kube/rails-api/vendor/bundle/ruby/3.1.0/gems/psych-5.3.1/ext/psych
make DESTDIR\= sitearchdir\=./.gem.20260530-31791-2m777j sitelibdir\=./.gem.20260530-31791-2m777j
compiling psych.c
compiling psych_emitter.c
compiling psych_parser.c
compiling psych_to_ruby.c
compiling psych_yaml_tree.c
linking shared-object psych.bundle
ld: warning: ignoring duplicate libraries: '-lruby.3.1'

current directory: /Users/thaikhoa/khoa/training/kube/rails-api/vendor/bundle/ruby/3.1.0/gems/psych-5.3.1/ext/psych
make DESTDIR\= sitearchdir\=./.gem.20260530-31791-2m777j sitelibdir\=./.gem.20260530-31791-2m777j install
/usr/bin/install -c -m 0755 psych.bundle ./.gem.20260530-31791-2m777j
