current directory: /Users/thaikhoa/khoa/training/kube/rails-api/vendor/bundle/ruby/3.1.0/gems/io-console-0.8.2/ext/io/console
/Users/thaikhoa/.rbenv/versions/3.1.4/bin/ruby -I /Users/thaikhoa/.rbenv/versions/3.1.4/lib/ruby/3.1.0 extconf.rb
checking for rb_syserr_fail_str(0, Qnil)... yes
checking for rb_interned_str_cstr()... yes
checking for rb_io_path() in ruby/io.h... no
checking for rb_io_descriptor() in ruby/io.h... yes
checking for rb_io_get_write_io() in ruby/io.h... yes
checking for rb_io_closed_p() in ruby/io.h... no
checking for rb_io_open_descriptor() in ruby/io.h... no
checking for rb_ractor_local_storage_value_newkey()... yes
checking for termios.h... yes
checking for cfmakeraw() in termios.h... yes
checking for sys/ioctl.h... yes
checking for HAVE_RUBY_FIBER_SCHEDULER_H... yes
checking for ttyname_r()... yes
creating Makefile

current directory: /Users/thaikhoa/khoa/training/kube/rails-api/vendor/bundle/ruby/3.1.0/gems/io-console-0.8.2/ext/io/console
make DESTDIR\= sitearchdir\=./.gem.20260530-31791-s9p14i sitelibdir\=./.gem.20260530-31791-s9p14i clean

current directory: /Users/thaikhoa/khoa/training/kube/rails-api/vendor/bundle/ruby/3.1.0/gems/io-console-0.8.2/ext/io/console
make DESTDIR\= sitearchdir\=./.gem.20260530-31791-s9p14i sitelibdir\=./.gem.20260530-31791-s9p14i
compiling console.c
linking shared-object io/console.bundle
ld: warning: ignoring duplicate libraries: '-lruby.3.1'

current directory: /Users/thaikhoa/khoa/training/kube/rails-api/vendor/bundle/ruby/3.1.0/gems/io-console-0.8.2/ext/io/console
make DESTDIR\= sitearchdir\=./.gem.20260530-31791-s9p14i sitelibdir\=./.gem.20260530-31791-s9p14i install
/usr/bin/install -c -m 0755 console.bundle ./.gem.20260530-31791-s9p14i/io
